[0.157s] Invoking command in '/home/mazenbelal/Desktop/ROS2_Projects/ros2_ws/build/custome_messge': /usr/bin/cmake /home/mazenbelal/Desktop/ROS2_Projects/ros2_ws/src/custome_messge -DCMAKE_INSTALL_PREFIX=/home/mazenbelal/Desktop/ROS2_Projects/ros2_ws/install/custome_messge
[0.764s] -- The C compiler identification is GNU 11.4.0
[1.002s] -- The CXX compiler identification is GNU 11.4.0
[1.042s] -- Detecting C compiler ABI info
[1.182s] -- Detecting C compiler ABI info - done
[1.194s] -- Check for working C compiler: /usr/bin/cc - skipped
[1.210s] -- Detecting C compile features
[1.227s] -- Detecting C compile features - done
[1.262s] -- Detecting CXX compiler ABI info
[1.402s] -- Detecting CXX compiler ABI info - done
[1.416s] -- Check for working CXX compiler: /usr/bin/c++ - skipped
[1.417s] -- Detecting CXX compile features
[1.417s] -- Detecting CXX compile features - done
[1.624s] -- Found ament_cmake: 1.3.12 (/opt/ros/humble/share/ament_cmake/cmake)
[2.086s] -- Found Python3: /usr/bin/python3 (found version "3.10.12") found components: Interpreter 
[2.670s] -- Found ament_lint_auto: 0.12.14 (/opt/ros/humble/share/ament_lint_auto/cmake)
[2.764s] Error parsing '/home/mazenbelal/Desktop/ROS2_Projects/ros2_ws/src/custome_messge/package.xml':
[3.133s] Traceback (most recent call last):
[3.133s]   File "/usr/lib/python3/dist-packages/catkin_pkg/package.py", line 610, in parse_package_string
[3.148s]     root = dom.parseString(data)
[3.148s]   File "/usr/lib/python3.10/xml/dom/minidom.py", line 2000, in parseString
[3.169s]     return expatbuilder.parseString(string)
[3.169s]   File "/usr/lib/python3.10/xml/dom/expatbuilder.py", line 925, in parseString
[3.177s]     return builder.parseString(string)
[3.178s]   File "/usr/lib/python3.10/xml/dom/expatbuilder.py", line 223, in parseString
[3.179s]     parser.Parse(string, True)
[3.179s] xml.parsers.expat.ExpatError: not well-formed (invalid token): line 10, column 3
[3.179s] 
[3.179s] During handling of the above exception, another exception occurred:
[3.179s] 
[3.179s] Traceback (most recent call last):
[3.180s]   File "/opt/ros/humble/share/ament_cmake_core/cmake/core/package_xml_2_cmake.py", line 150, in <module>
[3.180s]     main()
[3.180s]   File "/opt/ros/humble/share/ament_cmake_core/cmake/core/package_xml_2_cmake.py", line 53, in main
[3.180s]     raise e
[3.180s]   File "/opt/ros/humble/share/ament_cmake_core/cmake/core/package_xml_2_cmake.py", line 49, in main
[3.181s]     package = parse_package_string(
[3.181s]   File "/usr/lib/python3/dist-packages/catkin_pkg/package.py", line 612, in parse_package_string
[3.181s]     raise InvalidPackage('The manifest contains invalid XML:\n%s' % ex, filename)
[3.181s] catkin_pkg.package.InvalidPackage: Error(s) in package '/home/mazenbelal/Desktop/ROS2_Projects/ros2_ws/src/custome_messge/package.xml':
[3.181s] The manifest contains invalid XML:
[3.181s] not well-formed (invalid token): line 10, column 3
[3.212s] [31mCMake Error at /opt/ros/humble/share/ament_cmake_core/cmake/core/ament_package_xml.cmake:95 (message):
[3.212s]   execute_process(/usr/bin/python3
[3.212s]   /opt/ros/humble/share/ament_cmake_core/cmake/core/package_xml_2_cmake.py
[3.212s]   /home/mazenbelal/Desktop/ROS2_Projects/ros2_ws/src/custome_messge/package.xml
[3.213s]   /home/mazenbelal/Desktop/ROS2_Projects/ros2_ws/build/custome_messge/ament_cmake_core/package.cmake)
[3.213s]   returned error code 1
[3.213s] Call Stack (most recent call first):
[3.213s]   /opt/ros/humble/share/ament_cmake_core/cmake/core/ament_package_xml.cmake:49 (_ament_package_xml)
[3.213s]   /opt/ros/humble/share/ament_lint_auto/cmake/ament_lint_auto_find_test_dependencies.cmake:31 (ament_package_xml)
[3.213s]   CMakeLists.txt:23 (ament_lint_auto_find_test_dependencies)
[3.213s] 
[3.214s] [0m
[3.214s] -- Configuring incomplete, errors occurred!
[3.214s] See also "/home/mazenbelal/Desktop/ROS2_Projects/ros2_ws/build/custome_messge/CMakeFiles/CMakeOutput.log".
[3.222s] Invoked command in '/home/mazenbelal/Desktop/ROS2_Projects/ros2_ws/build/custome_messge' returned '1': /usr/bin/cmake /home/mazenbelal/Desktop/ROS2_Projects/ros2_ws/src/custome_messge -DCMAKE_INSTALL_PREFIX=/home/mazenbelal/Desktop/ROS2_Projects/ros2_ws/install/custome_messge
