[0.000000] (-) TimerEvent: {}
[0.000710] (custome_messge) JobQueued: {'identifier': 'custome_messge', 'dependencies': OrderedDict()}
[0.000899] (custome_messge) JobStarted: {'identifier': 'custome_messge'}
[0.011377] (custome_messge) JobProgress: {'identifier': 'custome_messge', 'progress': 'cmake'}
[0.012804] (custome_messge) Command: {'cmd': ['/usr/bin/cmake', '/home/mazenbelal/Desktop/ROS2_Projects/ros2_ws/src/custome_messge', '-DCMAKE_INSTALL_PREFIX=/home/mazenbelal/Desktop/ROS2_Projects/ros2_ws/install/custome_messge'], 'cwd': '/home/mazenbelal/Desktop/ROS2_Projects/ros2_ws/build/custome_messge', 'env': OrderedDict([('LESSOPEN', '| /usr/bin/lesspipe %s'), ('USER', 'mazenbelal'), ('LC_TIME', 'en_US.UTF-8'), ('XDG_SESSION_TYPE', 'wayland'), ('SHLVL', '1'), ('LD_LIBRARY_PATH', '/opt/ros/humble/opt/rviz_ogre_vendor/lib:/opt/ros/humble/lib/x86_64-linux-gnu:/opt/ros/humble/lib'), ('HOME', '/home/mazenbelal'), ('OLDPWD', '/home/mazenbelal/Desktop/ROS2_Projects/ros2_ws/src'), ('DESKTOP_SESSION', 'ubuntu'), ('ROS_PYTHON_VERSION', '3'), ('GNOME_SHELL_SESSION_MODE', 'ubuntu'), ('GTK_MODULES', 'gail:atk-bridge'), ('LC_MONETARY', 'en_US.UTF-8'), ('MANAGERPID', '1413'), ('SYSTEMD_EXEC_PID', '1734'), ('DBUS_SESSION_BUS_ADDRESS', 'unix:path=/run/user/1000/bus'), ('COLORTERM', 'truecolor'), ('TERMINATOR_DBUS_NAME', 'net.tenshu.Terminator25ef4b219e3b005583550f2b0f9f990c3'), ('GIO_LAUNCHED_DESKTOP_FILE_PID', '15508'), ('IM_CONFIG_PHASE', '1'), ('WAYLAND_DISPLAY', 'wayland-0'), ('COLCON_PREFIX_PATH', '/home/mazenbelal/Desktop/ROS2_Projects/First_Project/install'), ('ROS_DISTRO', 'humble'), ('LOGNAME', 'mazenbelal'), ('JOURNAL_STREAM', '8:13138'), ('_', '/usr/bin/colcon'), ('ROS_VERSION', '2'), ('XDG_SESSION_CLASS', 'user'), ('USERNAME', 'mazenbelal'), ('TERM', 'xterm-256color'), ('GNOME_DESKTOP_SESSION_ID', 'this-is-deprecated'), ('ROS_LOCALHOST_ONLY', '0'), ('PATH', '/opt/ros/humble/bin:/usr/local/sbin:/usr/local/bin:/usr/sbin:/usr/bin:/sbin:/bin:/usr/games:/usr/local/games:/snap/bin:/snap/bin'), ('SESSION_MANAGER', 'local/mazenbelal-HP-15-Notebook-PC:@/tmp/.ICE-unix/1557,unix/mazenbelal-HP-15-Notebook-PC:/tmp/.ICE-unix/1557'), ('INVOCATION_ID', '1f868d4b01f64e4ba2f6d427d96bc0e5'), ('PAPERSIZE', 'letter'), ('XDG_MENU_PREFIX', 'gnome-'), ('LC_ADDRESS', 'en_US.UTF-8'), ('GNOME_SETUP_DISPLAY', ':1'), ('XDG_RUNTIME_DIR', '/run/user/1000'), ('DISPLAY', ':0'), ('TERMINATOR_DBUS_PATH', '/net/tenshu/Terminator2'), ('LANG', 'en_US.UTF-8'), ('XDG_CURRENT_DESKTOP', 'ubuntu:GNOME'), ('IBUS_DISABLE_SNOOPER', '1'), ('LC_TELEPHONE', 'en_US.UTF-8'), ('XMODIFIERS', '@im=ibus'), ('XDG_SESSION_DESKTOP', 'ubuntu'), ('XAUTHORITY', '/run/user/1000/.mutter-Xwaylandauth.W7Q5E3'), ('LS_COLORS', 'rs=0:di=01;34:ln=01;36:mh=00:pi=40;33:so=01;35:do=01;35:bd=40;33;01:cd=40;33;01:or=40;31;01:mi=00:su=37;41:sg=30;43:ca=30;41:tw=30;42:ow=34;42:st=37;44:ex=01;32:*.tar=01;31:*.tgz=01;31:*.arc=01;31:*.arj=01;31:*.taz=01;31:*.lha=01;31:*.lz4=01;31:*.lzh=01;31:*.lzma=01;31:*.tlz=01;31:*.txz=01;31:*.tzo=01;31:*.t7z=01;31:*.zip=01;31:*.z=01;31:*.dz=01;31:*.gz=01;31:*.lrz=01;31:*.lz=01;31:*.lzo=01;31:*.xz=01;31:*.zst=01;31:*.tzst=01;31:*.bz2=01;31:*.bz=01;31:*.tbz=01;31:*.tbz2=01;31:*.tz=01;31:*.deb=01;31:*.rpm=01;31:*.jar=01;31:*.war=01;31:*.ear=01;31:*.sar=01;31:*.rar=01;31:*.alz=01;31:*.ace=01;31:*.zoo=01;31:*.cpio=01;31:*.7z=01;31:*.rz=01;31:*.cab=01;31:*.wim=01;31:*.swm=01;31:*.dwm=01;31:*.esd=01;31:*.jpg=01;35:*.jpeg=01;35:*.mjpg=01;35:*.mjpeg=01;35:*.gif=01;35:*.bmp=01;35:*.pbm=01;35:*.pgm=01;35:*.ppm=01;35:*.tga=01;35:*.xbm=01;35:*.xpm=01;35:*.tif=01;35:*.tiff=01;35:*.png=01;35:*.svg=01;35:*.svgz=01;35:*.mng=01;35:*.pcx=01;35:*.mov=01;35:*.mpg=01;35:*.mpeg=01;35:*.m2v=01;35:*.mkv=01;35:*.webm=01;35:*.webp=01;35:*.ogm=01;35:*.mp4=01;35:*.m4v=01;35:*.mp4v=01;35:*.vob=01;35:*.qt=01;35:*.nuv=01;35:*.wmv=01;35:*.asf=01;35:*.rm=01;35:*.rmvb=01;35:*.flc=01;35:*.avi=01;35:*.fli=01;35:*.flv=01;35:*.gl=01;35:*.dl=01;35:*.xcf=01;35:*.xwd=01;35:*.yuv=01;35:*.cgm=01;35:*.emf=01;35:*.ogv=01;35:*.ogx=01;35:*.aac=00;36:*.au=00;36:*.flac=00;36:*.m4a=00;36:*.mid=00;36:*.midi=00;36:*.mka=00;36:*.mp3=00;36:*.mpc=00;36:*.ogg=00;36:*.ra=00;36:*.wav=00;36:*.oga=00;36:*.opus=00;36:*.spx=00;36:*.xspf=00;36:'), ('SSH_AGENT_LAUNCHER', 'gnome-keyring'), ('SSH_AUTH_SOCK', '/run/user/1000/keyring/ssh'), ('AMENT_PREFIX_PATH', '/home/mazenbelal/Desktop/ROS2_Projects/First_Project/install/pkg1:/opt/ros/humble'), ('SHELL', '/bin/bash'), ('LC_NAME', 'en_US.UTF-8'), ('TERMINATOR_UUID', 'urn:uuid:1c8d55e3-c015-4700-8e3e-375a0c9737c7'), ('QT_ACCESSIBILITY', '1'), ('GDMSESSION', 'ubuntu'), ('LESSCLOSE', '/usr/bin/lesspipe %s %s'), ('LC_MEASUREMENT', 'en_US.UTF-8'), ('LC_IDENTIFICATION', 'en_US.UTF-8'), ('QT_IM_MODULE', 'ibus'), ('PWD', '/home/mazenbelal/Desktop/ROS2_Projects/ros2_ws/build/custome_messge'), ('XDG_CONFIG_DIRS', '/etc/xdg/xdg-ubuntu:/etc/xdg'), ('XDG_DATA_DIRS', '/usr/share/ubuntu:/usr/local/share/:/usr/share/:/var/lib/snapd/desktop'), ('PYTHONPATH', '/opt/ros/humble/lib/python3.10/site-packages:/opt/ros/humble/local/lib/python3.10/dist-packages'), ('LC_NUMERIC', 'en_US.UTF-8'), ('LC_PAPER', 'en_US.UTF-8'), ('COLCON', '1'), ('VTE_VERSION', '6800'), ('CMAKE_PREFIX_PATH', '/home/mazenbelal/Desktop/ROS2_Projects/First_Project/install/pkg1')]), 'shell': False}
[0.034562] (custome_messge) StdoutLine: {'line': b'-- Found ament_cmake: 1.3.12 (/opt/ros/humble/share/ament_cmake/cmake)\n'}
[0.099479] (-) TimerEvent: {}
[0.201178] (-) TimerEvent: {}
[0.285932] (custome_messge) StdoutLine: {'line': b'-- Found ament_lint_auto: 0.12.14 (/opt/ros/humble/share/ament_lint_auto/cmake)\n'}
[0.301266] (-) TimerEvent: {}
[0.375678] (custome_messge) StderrLine: {'line': b"Error parsing '/home/mazenbelal/Desktop/ROS2_Projects/ros2_ws/src/custome_messge/package.xml':\n"}
[0.401389] (-) TimerEvent: {}
[0.449995] (custome_messge) StderrLine: {'line': b'Traceback (most recent call last):\n'}
[0.450299] (custome_messge) StderrLine: {'line': b'  File "/usr/lib/python3/dist-packages/catkin_pkg/package.py", line 610, in parse_package_string\n'}
[0.450566] (custome_messge) StderrLine: {'line': b'    root = dom.parseString(data)\n'}
[0.450922] (custome_messge) StderrLine: {'line': b'  File "/usr/lib/python3.10/xml/dom/minidom.py", line 2000, in parseString\n'}
[0.451176] (custome_messge) StderrLine: {'line': b'    return expatbuilder.parseString(string)\n'}
[0.451527] (custome_messge) StderrLine: {'line': b'  File "/usr/lib/python3.10/xml/dom/expatbuilder.py", line 925, in parseString\n'}
[0.451706] (custome_messge) StderrLine: {'line': b'    return builder.parseString(string)\n'}
[0.453125] (custome_messge) StderrLine: {'line': b'  File "/usr/lib/python3.10/xml/dom/expatbuilder.py", line 223, in parseString\n'}
[0.453486] (custome_messge) StderrLine: {'line': b'    parser.Parse(string, True)\n'}
[0.453734] (custome_messge) StderrLine: {'line': b'xml.parsers.expat.ExpatError: not well-formed (invalid token): line 10, column 3\n'}
[0.453993] (custome_messge) StderrLine: {'line': b'\n'}
[0.454191] (custome_messge) StderrLine: {'line': b'During handling of the above exception, another exception occurred:\n'}
[0.454407] (custome_messge) StderrLine: {'line': b'\n'}
[0.454650] (custome_messge) StderrLine: {'line': b'Traceback (most recent call last):\n'}
[0.454850] (custome_messge) StderrLine: {'line': b'  File "/opt/ros/humble/share/ament_cmake_core/cmake/core/package_xml_2_cmake.py", line 150, in <module>\n'}
[0.455022] (custome_messge) StderrLine: {'line': b'    main()\n'}
[0.455199] (custome_messge) StderrLine: {'line': b'  File "/opt/ros/humble/share/ament_cmake_core/cmake/core/package_xml_2_cmake.py", line 53, in main\n'}
[0.455388] (custome_messge) StderrLine: {'line': b'    raise e\n'}
[0.455581] (custome_messge) StderrLine: {'line': b'  File "/opt/ros/humble/share/ament_cmake_core/cmake/core/package_xml_2_cmake.py", line 49, in main\n'}
[0.455745] (custome_messge) StderrLine: {'line': b'    package = parse_package_string(\n'}
[0.455894] (custome_messge) StderrLine: {'line': b'  File "/usr/lib/python3/dist-packages/catkin_pkg/package.py", line 612, in parse_package_string\n'}
[0.456029] (custome_messge) StderrLine: {'line': b"    raise InvalidPackage('The manifest contains invalid XML:\\n%s' % ex, filename)\n"}
[0.456187] (custome_messge) StderrLine: {'line': b"catkin_pkg.package.InvalidPackage: Error(s) in package '/home/mazenbelal/Desktop/ROS2_Projects/ros2_ws/src/custome_messge/package.xml':\n"}
[0.456345] (custome_messge) StderrLine: {'line': b'The manifest contains invalid XML:\n'}
[0.456512] (custome_messge) StderrLine: {'line': b'not well-formed (invalid token): line 10, column 3\n'}
[0.477456] (custome_messge) StderrLine: {'line': b'\x1b[31mCMake Error at /opt/ros/humble/share/ament_cmake_core/cmake/core/ament_package_xml.cmake:95 (message):\n'}
[0.477809] (custome_messge) StderrLine: {'line': b'  execute_process(/usr/bin/python3\n'}
[0.477966] (custome_messge) StderrLine: {'line': b'  /opt/ros/humble/share/ament_cmake_core/cmake/core/package_xml_2_cmake.py\n'}
[0.478122] (custome_messge) StderrLine: {'line': b'  /home/mazenbelal/Desktop/ROS2_Projects/ros2_ws/src/custome_messge/package.xml\n'}
[0.478272] (custome_messge) StderrLine: {'line': b'  /home/mazenbelal/Desktop/ROS2_Projects/ros2_ws/build/custome_messge/ament_cmake_core/package.cmake)\n'}
[0.478437] (custome_messge) StderrLine: {'line': b'  returned error code 1\n'}
[0.478573] (custome_messge) StderrLine: {'line': b'Call Stack (most recent call first):\n'}
[0.478706] (custome_messge) StderrLine: {'line': b'  /opt/ros/humble/share/ament_cmake_core/cmake/core/ament_package_xml.cmake:49 (_ament_package_xml)\n'}
[0.478848] (custome_messge) StderrLine: {'line': b'  /opt/ros/humble/share/ament_lint_auto/cmake/ament_lint_auto_find_test_dependencies.cmake:31 (ament_package_xml)\n'}
[0.478990] (custome_messge) StderrLine: {'line': b'  CMakeLists.txt:23 (ament_lint_auto_find_test_dependencies)\n'}
[0.479132] (custome_messge) StderrLine: {'line': b'\n'}
[0.479276] (custome_messge) StderrLine: {'line': b'\x1b[0m\n'}
[0.479434] (custome_messge) StdoutLine: {'line': b'-- Configuring incomplete, errors occurred!\n'}
[0.479593] (custome_messge) StdoutLine: {'line': b'See also "/home/mazenbelal/Desktop/ROS2_Projects/ros2_ws/build/custome_messge/CMakeFiles/CMakeOutput.log".\n'}
[0.481657] (custome_messge) CommandEnded: {'returncode': 1}
[0.483012] (custome_messge) JobEnded: {'identifier': 'custome_messge', 'rc': 1}
[0.493835] (-) EventReactorShutdown: {}
